++ date -u +%H:%M:%S
+ printf '[%s] ' 01:45:50
[01:45:50] + ps -ef
+ grep -v grep
+ grep -cE 'prepare_caseops|train_gpt|pip|build'
+ tr -d '\n'
0+ printf ' procs disk='
 procs disk=+ df -h /workspace
+ tail -1
+ awk '{printf "%s ", $5}'
1% + free -m
+ awk 'NR==2 {printf "mem=%dG ", $3/1024}'
mem=90G + printf '\n'

++ date -u +%H:%M:%S
+ printf '[%s] ' 01:46:20
[01:46:20] + ps -ef
+ grep -v grep
+ grep -cE 'prepare_caseops|train_gpt|pip|build'
+ tr -d '\n'
2+ printf ' procs disk='
 procs disk=+ df -h /workspace
+ tail -1
+ awk '{printf "%s ", $5}'
1% + free -m
+ awk 'NR==2 {printf "mem=%dG ", $3/1024}'
mem=92G + printf '\n'

++ date -u +%H:%M:%S
+ printf '[%s] ' 01:46:50
[01:46:50] + ps -ef
+ grep -v grep
+ grep -cE 'prepare_caseops|train_gpt|pip|build'
+ tr -d '\n'
2+ printf ' procs disk='
 procs disk=+ df -h /workspace
+ tail -1
+ awk '{printf "%s ", $5}'
1% + free -m
+ awk 'NR==2 {printf "mem=%dG ", $3/1024}'
mem=94G + printf '\n'

++ date -u +%H:%M:%S
+ printf '[%s] ' 01:47:20
[01:47:20] + ps -ef
+ grep -v grep
+ grep -cE 'prepare_caseops|train_gpt|pip|build'
+ tr -d '\n'
2+ printf ' procs disk='
 procs disk=+ df -h /workspace
+ tail -1
+ awk '{printf "%s ", $5}'
1% + free -m
+ awk 'NR==2 {printf "mem=%dG ", $3/1024}'
mem=94G + printf '\n'

++ date -u +%H:%M:%S
+ printf '[%s] ' 01:47:50
[01:47:50] + ps -ef
+ grep -v grep
+ grep -cE 'prepare_caseops|train_gpt|pip|build'
+ tr -d '\n'
2+ printf ' procs disk='
 procs disk=+ df -h /workspace
+ tail -1
+ awk '{printf "%s ", $5}'
1% + free -m
+ awk 'NR==2 {printf "mem=%dG ", $3/1024}'
mem=94G + printf '\n'

++ date -u +%H:%M:%S
+ printf '[%s] ' 01:48:20
[01:48:20] + ps -ef
+ grep -v grep
+ grep -cE 'prepare_caseops|train_gpt|pip|build'
+ tr -d '\n'
2+ printf ' procs disk='
 procs disk=+ df -h /workspace
+ tail -1
+ awk '{printf "%s ", $5}'
1% + free -m
+ awk 'NR==2 {printf "mem=%dG ", $3/1024}'
mem=95G + printf '\n'

++ date -u +%H:%M:%S
+ printf '[%s] ' 01:48:50
[01:48:50] + ps -ef
+ grep -v grep
+ grep -cE 'prepare_caseops|train_gpt|pip|build'
+ tr -d '\n'
2+ printf ' procs disk='
 procs disk=+ df -h /workspace
+ tail -1
+ awk '{printf "%s ", $5}'
2% + free -m
+ awk 'NR==2 {printf "mem=%dG ", $3/1024}'
mem=95G + printf '\n'

++ date -u +%H:%M:%S
+ printf '[%s] ' 01:49:20
[01:49:20] + ps -ef
+ grep -v grep
+ grep -cE 'prepare_caseops|train_gpt|pip|build'
+ tr -d '\n'
2+ printf ' procs disk='
 procs disk=+ df -h /workspace
+ tail -1
+ awk '{printf "%s ", $5}'
2% + free -m
+ awk 'NR==2 {printf "mem=%dG ", $3/1024}'
mem=95G + printf '\n'

++ date -u +%H:%M:%S
+ printf '[%s] ' 01:49:50
[01:49:50] + ps -ef
+ grep -v grep
+ grep -cE 'prepare_caseops|train_gpt|pip|build'
+ tr -d '\n'
2+ printf ' procs disk='
 procs disk=+ df -h /workspace
+ tail -1
+ awk '{printf "%s ", $5}'
2% + free -m
+ awk 'NR==2 {printf "mem=%dG ", $3/1024}'
mem=96G + printf '\n'

++ date -u +%H:%M:%S
+ printf '[%s] ' 01:50:20
[01:50:20] + ps -ef
+ grep -cE 'prepare_caseops|train_gpt|pip|build'
+ grep -v grep
+ tr -d '\n'
2+ printf ' procs disk='
 procs disk=+ df -h /workspace
+ tail -1
+ awk '{printf "%s ", $5}'
2% + free -m
+ awk 'NR==2 {printf "mem=%dG ", $3/1024}'
mem=96G + printf '\n'

++ date -u +%H:%M:%S
+ printf '[%s] ' 01:50:50
[01:50:50] + ps -ef
+ grep -v grep
+ grep -cE 'prepare_caseops|train_gpt|pip|build'
+ tr -d '\n'
2+ printf ' procs disk='
 procs disk=+ df -h /workspace
+ tail -1
+ awk '{printf "%s ", $5}'
2% + free -m
+ awk 'NR==2 {printf "mem=%dG ", $3/1024}'
mem=97G + printf '\n'

++ date -u +%H:%M:%S
+ printf '[%s] ' 01:51:20
[01:51:20] + ps -ef
+ grep -v grep
+ grep -cE 'prepare_caseops|train_gpt|pip|build'
+ tr -d '\n'
2+ printf ' procs disk='
 procs disk=+ df -h /workspace
+ tail -1
+ awk '{printf "%s ", $5}'
2% + free -m
+ awk 'NR==2 {printf "mem=%dG ", $3/1024}'
mem=96G + printf '\n'

++ date -u +%H:%M:%S
+ printf '[%s] ' 01:51:50
[01:51:50] + ps -ef
+ grep -v grep
+ grep -cE 'prepare_caseops|train_gpt|pip|build'
+ tr -d '\n'
2+ printf ' procs disk='
 procs disk=+ df -h /workspace
+ tail -1
+ awk '{printf "%s ", $5}'
2% + free -m
+ awk 'NR==2 {printf "mem=%dG ", $3/1024}'
mem=96G + printf '\n'

++ date -u +%H:%M:%S
+ printf '[%s] ' 01:52:20
[01:52:20] + ps -ef
+ grep -v grep
+ grep -cE 'prepare_caseops|train_gpt|pip|build'
+ tr -d '\n'
0+ printf ' procs disk='
 procs disk=+ df -h /workspace
+ tail -1
+ awk '{printf "%s ", $5}'
3% + free -m
+ awk 'NR==2 {printf "mem=%dG ", $3/1024}'
mem=90G + printf '\n'

++ date -u +%H:%M:%S
+ printf '[%s] ' 01:52:50
[01:52:50] + ps -ef
+ grep -v grep
+ grep -cE 'prepare_caseops|train_gpt|pip|build'
+ tr -d '\n'
2+ printf ' procs disk='
 procs disk=+ df -h /workspace
+ tail -1
+ awk '{printf "%s ", $5}'
3% + free -m
+ awk 'NR==2 {printf "mem=%dG ", $3/1024}'
mem=94G + printf '\n'

